{
  "maps": "00010000-100100000 ---p 00000000 00:00 0 \nbb000000000-bb000004000 ---p 00000000 00:00 0                            [anon:partition_alloc]\nbb000004000-bb000110000 rw-p 00000000 00:00 0                            [anon:partition_alloc]\nbb000110000-bb000130000 rw-p 00000000 00:00 0                            [anon:partition_alloc]\nbb000130000-bb000204000 ---p 00000000 00:00 0                            [anon:partition_alloc]\nbb000204000-bb000240000 rw-p 00000000 00:00 0                            [anon:partition_alloc]\nbb000240000-bb400002000 ---p 00000000 00:00 0                            [anon:partition_alloc]\nbb400002000-bb400003000 rw-p 00000000 00:00 0                            [anon:partition_alloc]\nbb400003000-bb400004000 ---p 00000000 00:00 0                            [anon:partition_alloc]\nbb400004000-bb4001fc000 rw-p 00000000 00:00 0                            [anon:partition_alloc]\nbb4001fc000-bb400202000 ---p 00000000 00:00 0                            [anon:partition_alloc]\nbb400202000-bb400203000 rw-p 00000000 00:00 0                            [anon:partition_alloc]\nbb400203000-bb400204000 ---p 00000000 00:00 0                            [anon:partition_alloc]\nbb400204000-bb4003f0000 rw-p 00000000 00:00 0                            [anon:partition_alloc]\nbb4003f0000-bb400402000 ---p 00000000 00:00 0                            [anon:partition_alloc]\nbb400402000-bb400403000 rw-p 00000000 00:00 0                            [anon:partition_alloc]\nbb400403000-bb400404000 ---p 00000000 00:00 0                            [anon:partition_alloc]\nbb400404000-bb4005fc000 rw-p 00000000 00:00 0                            [anon:partition_alloc]\nbb4005fc000-bb400602000 ---p 00000000 00:00 0                            [anon:partition_alloc]\nbb400602000-bb400603000 rw-p 00000000 00:00 0                            [anon:partition_alloc]\nbb400603000-bb400604000 ---p 00000000 00:00 0                            [anon:partition_alloc]\nbb400604000-bb4007e8000 rw-p 00000000 00:00 0                            [anon:partition_alloc]\nbb4007e8000-bb400802000 ---p 00000000 00:00 0                            [anon:partition_alloc]\nbb400802000-bb400803000 rw-p 00000000 00:00 0                            [anon:partition_alloc]\nbb400803000-bb400804000 ---p 00000000 00:00 0                            [anon:partition_alloc]\nbb400804000-bb4009fc000 rw-p 00000000 00:00 0                            [anon:partition_alloc]\nbb4009fc000-bb400a02000 ---p 00000000 00:00 0                            [anon:partition_alloc]\nbb400a02000-bb400a03000 rw-p 00000000 00:00 0                            [anon:partition_alloc]\nbb400a03000-bb400a04000 ---p 00000000 00:00 0                            [anon:partition_alloc]\nbb400a04000-bb400bfc000 rw-p 00000000 00:00 0                            [anon:partition_alloc]\nbb400bfc000-bb400c02000 ---p 00000000 00:00 0                            [anon:partition_alloc]\nbb400c02000-bb400c03000 rw-p 00000000 00:00 0                            [anon:partition_alloc]\nbb400c03000-bb400c04000 ---p 00000000 00:00 0                            [anon:partition_alloc]\nbb400c04000-bb400d9c000 rw-p 00000000 00:00 0                            [anon:partition_alloc]\nbb400d9c000-bb400e02000 ---p 00000000 00:00 0                            [anon:partition_alloc]\nbb400e02000-bb400e03000 rw-p 00000000 00:00 0                            [anon:partition_alloc]\nbb400e03000-bb400e04000 ---p 00000000 00:00 0                            [anon:partition_alloc]\nbb400e04000-bb400ffc000 rw-p 00000000 00:00 0                            [anon:partition_alloc]\nbb400ffc000-bb401002000 ---p 00000000 00:00 0                            [anon:partition_alloc]\nbb401002000-bb401003000 rw-p 00000000 00:00 0                            [anon:partition_alloc]\nbb401003000-bb401004000 ---p 00000000 00:00 0                            [anon:partition_alloc]\nbb401004000-bb4011a4000 rw-p 00000000 00:00 0                            [anon:partition_alloc]\nbb4011a4000-bb401202000 ---p 00000000 00:00 0                            [anon:partition_alloc]\nbb401202000-bb401203000 rw-p 00000000 00:00 0                            [anon:partition_alloc]\nbb401203000-bb401204000 ---p 00000000 00:00 0                            [anon:partition_alloc]\nbb401204000-bb4013fc000 rw-p 00000000 00:00 0                            [anon:partition_alloc]\nbb4013fc000-bb401402000 ---p 00000000 00:00 0                            [anon:partition_alloc]\nbb401402000-bb401403000 rw-p 00000000 00:00 0                            [anon:partition_alloc]\nbb401403000-bb401404000 ---p 00000000 00:00 0                            [anon:partition_alloc]\nbb401404000-bb4015f8000 rw-p 00000000 00:00 0                            [anon:partition_alloc]\nbb4015f8000-bb401602000 ---p 00000000 00:00 0                            [anon:partition_alloc]\nbb401602000-bb401603000 rw-p 00000000 00:00 0                            [anon:partition_alloc]\nbb401603000-bb401604000 ---p 00000000 00:00 0                            [anon:partition_alloc]\nbb401604000-bb4017fc000 rw-p 00000000 00:00 0                            [anon:partition_alloc]\nbb4017fc000-bb401802000 ---p 00000000 00:00 0                            [anon:partition_alloc]\nbb401802000-bb401803000 rw-p 00000000 00:00 0                            [anon:partition_alloc]\nbb401803000-bb401804000 ---p 00000000 00:00 0                            [anon:partition_alloc]\nbb401804000-bb4019f8000 rw-p 00000000 00:00 0                            [anon:partition_alloc]\nbb4019f8000-bb401a02000 ---p 00000000 00:00 0                            [anon:partition_alloc]\nbb401a02000-bb401a03000 rw-p 00000000 00:00 0                            [anon:partition_alloc]\nbb401a03000-bb401a04000 ---p 00000000 00:00 0                            [anon:partition_alloc]\nbb401a04000-bb401d8b000 rw-p 00000000 00:00 0                            [anon:partition_alloc]\nbb401d8b000-bb401e02000 ---p 00000000 00:00 0                            [anon:partition_alloc]\nbb401e02000-bb401e03000 rw-p 00000000 00:00 0                            [anon:partition_alloc]\nbb401e03000-bb401e04000 ---p 00000000 00:00 0                            [anon:partition_alloc]\nbb401e04000-bb401ff4000 rw-p 00000000 00:00 0                            [anon:partition_alloc]\nbb401ff4000-bb402002000 ---p 00000000 00:00 0                            [anon:partition_alloc]\nbb402002000-bb402003000 rw-p 00000000 00:00 0                            [anon:partition_alloc]\nbb402003000-bb402004000 ---p 00000000 00:00 0                            [anon:partition_alloc]\nbb402004000-bb4021f8000 rw-p 00000000 00:00 0                            [anon:partition_alloc]\nbb4021f8000-bb402202000 ---p 00000000 00:00 0                            [anon:partition_alloc]\nbb402202000-bb402203000 rw-p 00000000 00:00 0                            [anon:partition_alloc]\nbb402203000-bb402204000 ---p 00000000 00:00 0                            [anon:partition_alloc]\nbb402204000-bb402358000 rw-p 00000000 00:00 0                            [anon:partition_alloc]\nbb402358000-bb402402000 ---p 00000000 00:00 0                            [anon:partition_alloc]\nbb402402000-bb402403000 rw-p 00000000 00:00 0                            [anon:partition_alloc]\nbb402403000-bb402404000 ---p 00000000 00:00 0                            [anon:partition_alloc]\nbb402404000-bb4025fc000 rw-p 00000000 00:00 0                            [anon:partition_alloc]\nbb4025fc000-bb402602000 ---p 00000000 00:00 0                            [anon:partition_alloc]\nbb402602000-bb402603000 rw-p 00000000 00:00 0                            [anon:partition_alloc]\nbb402603000-bb402604000 ---p 00000000 00:00 0                            [anon:partition_alloc]\nbb402604000-bb402734000 rw-p 00000000 00:00 0                            [anon:partition_alloc]\nbb402734000-bb402802000 ---p 00000000 00:00 0                            [anon:partition_alloc]\nbb402802000-bb402803000 rw-p 00000000 00:00 0                            [anon:partition_alloc]\nbb402803000-bb402804000 ---p 00000000 00:00 0                            [anon:partition_alloc]\nbb402804000-bb4029dc000 rw-p 00000000 00:00 0                            [anon:partition_alloc]\nbb4029dc000-bb402a02000 ---p 00000000 00:00 0                            [anon:partition_alloc]\nbb402a02000-bb402a03000 rw-p 00000000 00:00 0                            [anon:partition_alloc]\nbb402a03000-bb402a04000 ---p 00000000 00:00 0                            [anon:partition_alloc]\nbb402a04000-bb402bf8000 rw-p 00000000 00:00 0                            [anon:partition_alloc]\nbb402bf8000-bb402c02000 ---p 00000000 00:00 0                            [anon:partition_alloc]\nbb402c02000-bb402c03000 rw-p 00000000 00:00 0                            [anon:partition_alloc]\nbb402c03000-bb402c04000 ---p 00000000 00:00 0                            [anon:partition_alloc]\nbb402c04000-bb402de4000 rw-p 00000000 00:00 0                            [anon:partition_alloc]\nbb402de4000-bb402e02000 ---p 00000000 00:00 0                            [anon:partition_alloc]\nbb402e02000-bb402e03000 rw-p 00000000 00:00 0                            [anon:partition_alloc]\nbb402e03000-bb402e04000 ---p 00000000 00:00 0                            [anon:partition_alloc]\nbb402e04000-bb402fc8000 rw-p 00000000 00:00 0                            [anon:partition_alloc]\nbb402fc8000-bb403002000 ---p 00000000 00:00 0                            [anon:partition_alloc]\nbb403002000-bb403003000 rw-p 00000000 00:00 0                            [anon:partition_alloc]\nbb403003000-bb403004000 ---p 00000000 00:00 0                            [anon:partition_alloc]\nbb403004000-bb403170000 rw-p 00000000 00:00 0                            [anon:partition_alloc]\nbb403170000-bb403202000 ---p 00000000 00:00 0                            [anon:partition_alloc]\nbb403202000-bb403203000 rw-p 00000000 00:00 0                            [anon:partition_alloc]\nbb403203000-bb403204000 ---p 00000000 00:00 0                            [anon:partition_alloc]\nbb403204000-bb4033fc000 rw-p 00000000 00:00 0                            [anon:partition_alloc]\nbb4033fc000-bb403402000 ---p 00000000 00:00 0                            [anon:partition_alloc]\nbb403402000-bb403403000 rw-p 00000000 00:00 0                            [anon:partition_alloc]\nbb403403000-bb403404000 ---p 00000000 00:00 0                            [anon:partition_alloc]\nbb403404000-bb4035c8000 rw-p 00000000 00:00 0                            [anon:partition_alloc]\nbb4035c8000-bb403602000 ---p 00000000 00:00 0                            [anon:partition_alloc]\nbb403602000-bb403603000 rw-p 00000000 00:00 0                            [anon:partition_alloc]\nbb403603000-bb403604000 ---p 00000000 00:00 0                            [anon:partition_alloc]\nbb403604000-bb4037f0000 rw-p 00000000 00:00 0                            [anon:partition_alloc]\nbb4037f0000-bb403802000 ---p 00000000 00:00 0                            [anon:partition_alloc]\nbb403802000-bb403803000 rw-p 00000000 00:00 0                            [anon:partition_alloc]\nbb403803000-bb403804000 ---p 00000000 00:00 0                            [anon:partition_alloc]\nbb403804000-bb4039fc000 rw-p 00000000 00:00 0                            [anon:partition_alloc]\nbb4039fc000-bb403a02000 ---p 00000000 00:00 0                            [anon:partition_alloc]\nbb403a02000-bb403a03000 rw-p 00000000 00:00 0                            [anon:partition_alloc]\nbb403a03000-bb403a04000 ---p 00000000 00:00 0                            [anon:partition_alloc]\nbb403a04000-bb403bf4000 rw-p 00000000 00:00 0                            [anon:partition_alloc]\nbb403bf4000-bb403c02000 ---p 00000000 00:00 0                            [anon:partition_alloc]\nbb403c02000-bb403c03000 rw-p 00000000 00:00 0                            [anon:partition_alloc]\nbb403c03000-bb403c04000 ---p 00000000 00:00 0                            [anon:partition_alloc]\nbb403c04000-bb403dfc000 rw-p 00000000 00:00 0                            [anon:partition_alloc]\nbb403dfc000-bb403e02000 ---p 00000000 00:00 0                            [anon:partition_alloc]\nbb403e02000-bb403e03000 rw-p 00000000 00:00 0                            [anon:partition_alloc]\nbb403e03000-bb403e04000 ---p 00000000 00:00 0                            [anon:partition_alloc]\nbb403e04000-bb403fcc000 rw-p 00000000 00:00 0                            [anon:partition_alloc]\nbb403fcc000-bb404002000 ---p 00000000 00:00 0                            [anon:partition_alloc]\nbb404002000-bb404003000 rw-p 00000000 00:00 0                            [anon:partition_alloc]\nbb404003000-bb404004000 ---p 00000000 00:00 0                            [anon:partition_alloc]\nbb404004000-bb4041f4000 rw-p 00000000 00:00 0                            [anon:partition_alloc]\nbb4041f4000-bb404202000 ---p 00000000 00:00 0                            [anon:partition_alloc]\nbb404202000-bb404203000 rw-p 00000000 00:00 0                            [anon:partition_alloc]\nbb404203000-bb404204000 ---p 00000000 00:00 0                            [anon:partition_alloc]\nbb404204000-bb4043f4000 rw-p 00000000 00:00 0                            [anon:partition_alloc]\nbb4043f4000-bb404402000 ---p 00000000 00:00 0                            [anon:partition_alloc]\nbb404402000-bb404403000 rw-p 00000000 00:00 0                            [anon:partition_alloc]\nbb404403000-bb404404000 ---p 00000000 00:00 0                            [anon:partition_alloc]\nbb404404000-bb4045ec000 rw-p 00000000 00:00 0                            [anon:partition_alloc]\nbb4045ec000-bb404602000 ---p 00000000 00:00 0                            [anon:partition_alloc]\nbb404602000-bb404603000 rw-p 00000000 00:00 0                            [anon:partition_alloc]\nbb404603000-bb404604000 ---p 00000000 00:00 0                            [anon:partition_alloc]\nbb404604000-bb4047f4000 rw-p 00000000 00:00 0                            [anon:partition_alloc]\nbb4047f4000-bb404802000 ---p 00000000 00:00 0                            [anon:partition_alloc]\nbb404802000-bb404803000 rw-p 00000000 00:00 0                            [anon:partition_alloc]\nbb404803000-bb404804000 ---p 00000000 00:00 0                            [anon:partition_alloc]\nbb404804000-bb4049fc000 rw-p 00000000 00:00 0                            [anon:partition_alloc]\nbb4049fc000-bb404a02000 ---p 00000000 00:00 0                            [anon:partition_alloc]\nbb404a02000-bb404a03000 rw-p 00000000 00:00 0                            [anon:partition_alloc]\nbb404a03000-bb404a04000 ---p 00000000 00:00 0                            [anon:partition_alloc]\nbb404a04000-bb404bf4000 rw-p 00000000 00:00 0                            [anon:partition_alloc]\nbb404bf4000-bb404c02000 ---p 00000000 00:00 0                            [anon:partition_alloc]\nbb404c02000-bb404c03000 rw-p 00000000 00:00 0                            [anon:partition_alloc]\nbb404c03000-bb404c04000 ---p 00000000 00:00 0                            [anon:partition_alloc]\nbb404c04000-bb404dfc000 rw-p 00000000 00:00 0                            [anon:partition_alloc]\nbb404dfc000-bb404e02000 ---p 00000000 00:00 0                            [anon:partition_alloc]\nbb404e02000-bb404e03000 rw-p 00000000 00:00 0                            [anon:partition_alloc]\nbb404e03000-bb404e04000 ---p 00000000 00:00 0                            [anon:partition_alloc]\nbb404e04000-bb404ffc000 rw-p 00000000 00:00 0                            [anon:partition_alloc]\nbb404ffc000-bb405002000 ---p 00000000 00:00 0                            [anon:partition_alloc]\nbb405002000-bb405003000 rw-p 00000000 00:00 0                            [anon:partition_alloc]\nbb405003000-bb405004000 ---p 00000000 00:00 0                            [anon:partition_alloc]\nbb405004000-bb4051fc000 rw-p 00000000 00:00 0                            [anon:partition_alloc]\nbb4051fc000-bb405202000 ---p 00000000 00:00 0                            [anon:partition_alloc]\nbb405202000-bb405203000 rw-p 00000000 00:00 0                            [anon:partition_alloc]\nbb405203000-bb405204000 ---p 00000000 00:00 0                            [anon:partition_alloc]\nbb405204000-bb4053f8000 rw-p 00000000 00:00 0                            [anon:partition_alloc]\nbb4053f8000-bb405402000 ---p 00000000 00:00 0                            [anon:partition_alloc]\nbb405402000-bb405403000 rw-p 00000000 00:00 0                            [anon:partition_alloc]\nbb405403000-bb405404000 ---p 00000000 00:00 0                            [anon:partition_alloc]\nbb405404000-bb4055ec000 rw-p 00000000 00:00 0                            [anon:partition_alloc]\nbb4055ec000-bb405602000 ---p 00000000 00:00 0                            [anon:partition_alloc]\nbb405602000-bb405603000 rw-p 00000000 00:00 0                            [anon:partition_alloc]\nbb405603000-bb405604000 ---p 00000000 00:00 0                            [anon:partition_alloc]\nbb405604000-bb4057f8000 rw-p 00000000 00:00 0                            [anon:partition_alloc]\nbb4057f8000-bb405802000 ---p 00000000 00:00 0                            [anon:partition_alloc]\nbb405802000-bb405803000 rw-p 00000000 00:00 0                            [anon:partition_alloc]\nbb405803000-bb405804000 ---p 00000000 00:00 0                            [anon:partition_alloc]\nbb405804000-bb405905000 rw-p 00000000 00:00 0                            [anon:partition_alloc]\nbb405905000-bb405a02000 ---p 00000000 00:00 0                            [anon:partition_alloc]\nbb405a02000-bb405a03000 rw-p 00000000 00:00 0                            [anon:partition_alloc]\nbb405a03000-bb405a04000 ---p 00000000 00:00 0                            [anon:partition_alloc]\nbb405a04000-bb405ad8000 rw-p 00000000 00:00 0                            [anon:partition_alloc]\nbb405ad8000-bb405c02000 ---p 00000000 00:00 0                            [anon:partition_alloc]\nbb405c02000-bb405c03000 rw-p 00000000 00:00 0                            [anon:partition_alloc]\nbb405c03000-bb405c04000 ---p 00000000 00:00 0                            [anon:partition_alloc]\nbb405c04000-bb405da0000 rw-p 00000000 00:00 0                            [anon:partition_alloc]\nbb405da0000-bb406202000 ---p 00000000 00:00 0                            [anon:partition_alloc]\nbb406202000-bb406203000 rw-p 00000000 00:00 0                            [anon:partition_alloc]\nbb406203000-bb406204000 ---p 00000000 00:00 0                            [anon:partition_alloc]\nbb406204000-bb4063f8000 rw-p 00000000 00:00 0                            [anon:partition_alloc]\nbb4063f8000-bb406402000 ---p 00000000 00:00 0                            [anon:partition_alloc]\nbb406402000-bb406403000 rw-p 00000000 00:00 0                            [anon:partition_alloc]\nbb406403000-bb406404000 ---p 00000000 00:00 0                            [anon:partition_alloc]\nbb406404000-bb4065f4000 rw-p 00000000 00:00 0                            [anon:partition_alloc]\nbb4065f4000-bb406602000 ---p 00000000 00:00 0                            [anon:partition_alloc]\nbb406602000-bb406603000 rw-p 00000000 00:00 0                            [anon:partition_alloc]\n",
  "smaps_summary": "00010000-7fffdc5c4000 ---p 00000000 00:00 0                              [rollup]\nRss:              373676 kB\nPss:              268872 kB\nPss_Dirty:        232497 kB\nPss_Anon:         230824 kB\nPss_File:          36375 kB\nPss_Shmem:          1672 kB\nShared_Clean:     127484 kB\nShared_Dirty:      13508 kB\nPrivate_Clean:      2796 kB\nPrivate_Dirty:    229888 kB\nReferenced:       282384 kB\nAnonymous:        240984 kB\nKSM:                   0 kB\nLazyFree:              0 kB\nAnonHugePages:         0 kB\nShmemPmdMapped:        0 kB\nFilePmdMapped:         0 kB\nShared_Hugetlb:        0 kB\nPrivate_Hugetlb:       0 kB\nSwap:              11888 kB\nSwapPss:            3757 kB\nLocked:                0 kB\n",
  "status": "Name:\tmsedge\nUmask:\t0022\nState:\tS (sleeping)\nTgid:\t119639\nNgid:\t0\nPid:\t119639\nPPid:\t119525\nTracerPid:\t0\nUid:\t1000\t1000\t1000\t1000\nGid:\t1000\t1000\t1000\t1000\nFDSize:\t512\nGroups:\t973 998 1000 \nNStgid:\t119639\t138\t12\nNSpid:\t119639\t138\t12\nNSpgid:\t119511\t0\t0\nNSsid:\t119511\t0\t0\nKthread:\t0\nVmPeak:\t1465838876 kB\nVmSize:\t1463866396 kB\nVmLck:\t       0 kB\nVmPin:\t       0 kB\nVmHWM:\t  414564 kB\nVmRSS:\t  373252 kB\nRssAnon:\t  240436 kB\nRssFile:\t  130600 kB\nRssShmem:\t    2216 kB\nVmData:\t 1020056 kB\nVmStk:\t     324 kB\nVmExe:\t  286176 kB\nVmLib:\t   26252 kB\nVmPTE:\t    1960 kB\nVmSwap:\t    8704 kB\nHugetlbPages:\t       0 kB\nCoreDumping:\t0\nTHP_enabled:\t1\nuntag_mask:\t0xffffffffffffffff\nThreads:\t18\nSigQ:\t1/54840\nSigPnd:\t0000000000000000\nShdPnd:\t0000000000000000\nSigBlk:\t0000000000000000\nSigIgn:\t0000000000001002\nSigCgt:\t00000001418104fc\nCapInh:\t0000000000000000\nCapPrm:\t0000000000000000\nCapEff:\t0000000000000000\nCapBnd:\t000001ffffffffff\nCapAmb:\t0000000000000000\nNoNewPrivs:\t1\nSeccomp:\t2\nSeccomp_filters:\t2\nSpeculation_Store_Bypass:\tthread vulnerable\nSpeculationIndirectBranch:\tconditional force disabled\nCpus_allowed:\tff\nCpus_allowed_list:\t0-7\nMems_allowed:\t00000000,00000000,00000000,00000000,00000000,00000000,00000000,00000000,00000000,00000000,00000000,00000000,00000000,00000000,00000000,00000000,00000000,00000000,00000000,00000000,00000000,00000000,00000000,00000000,00000000,00000000,00000000,00000000,00000000,00000000,00000000,00000001\nMems_allowed_list:\t0\nvoluntary_ctxt_switches:\t78498\nnonvoluntary_ctxt_switches:\t26851\nx86_Thread_features:\t\nx86_Thread_features_locked:\t\n",
  "fd_count": "55\n",
  "open_files": "COMMAND    PID USER  FD      TYPE             DEVICE  SIZE/OFF       NODE NAME\nmsedge  119639 deck cwd       DIR               0,99       340          2 /\nmsedge  119639 deck rtd       DIR               0,99       340          2 /\nmsedge  119639 deck txt       REG              259,8 371625192    1711141 /app/extra/msedge\nmsedge  119639 deck mem       REG               0,96   1048576        110 /dev/shm/.com.microsoft.Edge.K6AqN3\nmsedge  119639 deck mem       REG              259,8    757076    3423415 /usr/share/fonts/dejavu/DejaVuSans.ttf\nmsedge  119639 deck mem       REG              259,8    414456    3420922 /usr/share/fonts/liberation-fonts/LiberationSans-Bold.ttf\nmsedge  119639 deck mem       REG              259,8    410712    3423672 /usr/share/fonts/liberation-fonts/LiberationSans-Regular.ttf\nmsedge  119639 deck mem       REG              259,8    137856   11572944 /home/deck/.var/app/com.microsoft.Edge/config/microsoft-edge/Subresource Filter/Indexed Rules/37/9.56.0/Ruleset Data\nmsedge  119639 deck mem       REG               0,96   1048576        371 /dev/shm/.com.microsoft.Edge.fpSljb\nmsedge  119639 deck mem       REG               0,96    131072         83 /dev/shm/.com.microsoft.Edge.scxMl6\nmsedge  119639 deck mem       REG               0,96     65536        372 /dev/shm/.com.microsoft.Edge.TZ2fhk\nmsedge  119639 deck mem       REG               0,96  19621276         53 /dev/shm/.com.microsoft.Edge.pL3VrJ\nmsedge  119639 deck mem       REG               0,96   4198400       2515 /dev/shm/.com.microsoft.Edge.pwFvSG\nmsedge  119639 deck mem       REG               0,96   2097152         19 /dev/shm/.com.microsoft.Edge.ETp4c0\nmsedge  119639 deck mem       REG              259,8  18252696    1710699 /app/extra/WidevineCdm/_platform_specific/linux_x64/libwidevinecdm.so\nmsedge  119639 deck mem       REG               0,96    131072         52 /dev/shm/.com.microsoft.Edge.uVOq6R\nmsedge  119639 deck mem       REG              259,8  39255241    1711154 /app/extra/resources.pak\nmsedge  119639 deck mem       REG               0,96    131072         51 /dev/shm/.com.microsoft.Edge.AzIuHj\nmsedge  119639 deck mem       REG               0,96        16        377 /dev/shm/.com.microsoft.Edge.YypGTv\nmsedge  119639 deck mem       REG               0,96    131072         80 /dev/shm/.com.microsoft.Edge.EVaoaO\nmsedge  119639 deck mem       REG              259,8   1107386    1710868 /app/extra/locales/en-US.pak\nmsedge  119639 deck mem       REG              259,8   1921273    1711145 /app/extra/msedge_200_percent.pak\nmsedge  119639 deck mem       REG              259,8   1225803    1711144 /app/extra/msedge_100_percent.pak\nmsedge  119639 deck mem       REG              259,8  12381168    1710704 /app/extra/icudtl.dat\nmsedge  119639 deck mem       REG               0,96        16        378 /dev/shm/.com.microsoft.Edge.fYNtjp\nmsedge  119639 deck mem       REG               0,96    131072         58 /dev/shm/.com.microsoft.Edge.HRuSNv\nmsedge  119639 deck mem       REG              259,8   2586930    3410909 /usr/lib/locale/en_US.utf8/LC_COLLATE\nmsedge  119639 deck mem       REG               0,96       144        370 /dev/shm/.com.microsoft.Edge.JJqIi8\nmsedge  119639 deck mem       REG               0,96      4096        109 /dev/shm/.com.microsoft.Edge.JPEx87\nmsedge  119639 deck mem       REG               0,96        16         18 /dev/shm/.com.microsoft.Edge.pzpnnS\nmsedge  119639 deck mem       REG               0,96      4096        102 /dev/shm/.com.microsoft.Edge.aVlZT4\nmsedge  119639 deck mem       REG               0,96        16         82 /dev/shm/.com.microsoft.Edge.eZwABG\nmsedge  119639 deck mem       REG               0,96        16         84 /dev/shm/.com.microsoft.Edge.Rz1TyY\nmsedge  119639 deck mem       REG               0,96     20672         54 /dev/shm/.com.microsoft.Edge.Yp9Mbs\nmsedge  119639 deck mem       REG               0,96       144         48 /dev/shm/.com.microsoft.Edge.eHWwGy\nmsedge  119639 deck mem       REG               0,96       144         45 /dev/shm/.com.microsoft.Edge.Am3D68\nmsedge  119639 deck mem       REG               0,96         8         22 /dev/shm/.com.microsoft.Edge.nPkwn7\nmsedge  119639 deck mem       REG               0,96         8          2 /dev/shm/.com.microsoft.Edge.64jRUz\nmsedge  119639 deck mem       REG               0,96    131072         39 /dev/shm/.com.microsoft.Edge.01G5ii\nmsedge  119639 deck mem       REG               0,96         8         14 /dev/shm/.com.microsoft.Edge.cBqyyr\nmsedge  119639 deck mem       REG               0,96    131056         29 /dev/shm/.com.microsoft.Edge.OvAQWo\nmsedge  119639 deck mem       REG               0,96    131072         21 /dev/shm/.com.microsoft.Edge.XHLLdm\nmsedge  119639 deck mem       REG               0,96    262144          4 /dev/shm/.com.microsoft.Edge.7b3uWN\nmsedge  119639 deck mem       REG              259,8    730696    1711155 /app/extra/v8_context_snapshot.bin\nmsedge  119639 deck mem       REG              259,8    367708    6443613 /usr/lib/locale/en_US.utf8/LC_CTYPE\nmsedge  119639 deck mem       REG              259,8        54    3419892 /usr/lib/locale/en_US.utf8/LC_NUMERIC\nmsedge  119639 deck mem       REG              259,8      3284    3425235 /usr/lib/locale/en_US.utf8/LC_TIME\nmsedge  119639 deck mem       REG              259,8       286    3391242 /usr/lib/locale/en_US.utf8/LC_MONETARY\nmsedge  119639 deck mem       REG              259,8        57    3412630 /usr/lib/locale/en_US.utf8/LC_MESSAGES/SYS_LC_MESSAGES\nmsedge  119639 deck mem       REG              259,8        34    3420155 /usr/lib/locale/en_US.utf8/LC_PAPER\nmsedge  119639 deck mem       REG              259,8        77    3429288 /usr/lib/locale/en_US.utf8/LC_NAME\nmsedge  119639 deck mem       REG              259,8       167    3417599 /usr/lib/locale/en_US.utf8/LC_ADDRESS\nmsedge  119639 deck mem       REG              259,8     27028    3415465 /usr/lib/x86_64-linux-gnu/gconv/gconv-modules.cache\nmsedge  119639 deck mem       REG              259,8    142880    6544145 /usr/lib/x86_64-linux-gnu/libbrotlicommon.so.1.2.0\nmsedge  119639 deck mem       REG              259,8     58096    6545743 /usr/lib/x86_64-linux-gnu/libeconf.so.0.7.10\nmsedge  119639 deck mem       REG              259,8    147752    6543569 /usr/lib/x86_64-linux-gnu/libgraphite2.so.3.2.1\nmsedge  119639 deck mem       REG              259,8     57272    6543858 /usr/lib/x86_64-linux-gnu/libbrotlidec.so.1.2.0\nmsedge  119639 deck mem       REG              259,8     84768    6544365 /usr/lib/x86_64-linux-gnu/libbz2.so.1.0.8\nmsedge  119639 deck mem       REG              259,8    259880    6544345 /usr/lib/x86_64-linux-gnu/libblkid.so.1.1.0\nmsedge  119639 deck mem       REG              259,8     49088    6543733 /usr/lib/x86_64-linux-gnu/libcap.so.2.77\nmsedge  119639 deck mem       REG              259,8   1291864    6544317 /usr/lib/x86_64-linux-gnu/libharfbuzz.so.0.61145.0\nmsedge  119639 deck mem       REG              259,8     50648    6545255 /usr/lib/x86_64-linux-gnu/libthai.so.0.3.2\nmsedge  119639 deck mem       REG              259,8    131456    6544483 /usr/lib/x86_64-linux-gnu/libfribidi.so.0.4.0\nmsedge  119639 deck mem       REG              259,8    761296    6546129 /usr/lib/x86_64-linux-gnu/libpixman-1.so.0.46.4\nmsedge  119639 deck mem       REG              259,8    845160    6545471 /usr/lib/x86_64-linux-gnu/libfreetype.so.6.20.4\nmsedge  119639 deck mem       REG              259,8   6446544    6544809 /usr/lib/x86_64-linux-gnu/libcrypto.so.3\nmsedge  119639 deck mem       REG              259,8     37360    6544738 /usr/lib/x86_64-linux-gnu/libdatrie.so.1.4.1\nmsedge  119639 deck mem       REG              259,8     15848    6546138 /usr/lib/x86_64-linux-gnu/libxcb-shm.so.0.0.0\nmsedge  119639 deck mem       REG              259,8     63096    6544674 /usr/lib/x86_64-linux-gnu/libxcb-render.so.0.0.0\nmsedge  119639 deck mem       REG              259,8    346200    6544287 /usr/lib/x86_64-linux-gnu/libfontconfig.so.1.16.0\nmsedge  119639 deck mem       REG              259,8    238056    6544778 /usr/lib/x86_64-linux-gnu/libpng16.so.16.55.0\nmsedge  119639 deck mem       REG              259,8    104456    4228816 /usr/lib/x86_64-linux-gnu/GL/default/lib/libdrm.so.2.131.0\nmsedge  119639 deck mem       REG              259,8     49256    6545013 /usr/lib/x86_64-linux-gnu/libXrender.so.1.3.0\nmsedge  119639 deck mem       REG              259,8   1101472    6545857 /usr/lib/x86_64-linux-gnu/libssl.so.3\nmsedge  119639 deck mem       REG              259,8     83464    6544016 /usr/lib/x86_64-linux-gnu/libavahi-client.so.3.2.9\nmsedge  119639 deck mem       REG              259,8     63280    6546252 /usr/lib/x86_64-linux-gnu/libavahi-common.so.3.5.4\nmsedge  119639 deck mem       REG              259,8   2872528    6545629 /usr/lib/x86_64-linux-gnu/libstdc++.so.6.0.34\nmsedge  119639 deck mem       REG              259,8     19704    6545298 /usr/lib/x86_64-linux-gnu/libXau.so.6.0.0\nmsedge  119639 deck mem       REG              259,8    364496    6544884 /usr/lib/x86_64-linux-gnu/libmount.so.1.1.0\nmsedge  119639 deck mem       REG              259,8    107512    6545256 /usr/lib/x86_64-linux-gnu/libz.so.1.3.1\nmsedge  119639 deck mem       REG              259,8     23928    6539768 /usr/lib/x86_64-linux-gnu/libgmodule-2.0.so.0.8400.4\nmsedge  119639 deck mem       REG              259,8     24248    6546093 /usr/lib/x86_64-linux-gnu/libplc4.so\nmsedge  119639 deck mem       REG              259,8     20104    6544231 /usr/lib/x86_64-linux-gnu/libplds4.so\nmsedge  119639 deck mem       REG              259,8     62128    6545218 /usr/lib/x86_64-linux-gnu/libffi.so.8.2.0\nmsedge  119639 deck mem       REG              259,8    704552    6545953 /usr/lib/x86_64-linux-gnu/libpcre2-8.so.0.14.0\nmsedge  119639 deck mem       REG              259,8   1269376    6546102 /usr/lib/x86_64-linux-gnu/libsystemd.so.0.40.0\nmsedge  119639 deck mem       REG              259,8   2116392    6543989 /usr/lib/x86_64-linux-gnu/libc.so.6\nmsedge  119639 deck mem       REG              259,8    183296    6544946 /usr/lib/x86_64-linux-gnu/libgcc_s.so.1\nmsedge  119639 deck mem       REG              259,8   1250192    6545079 /usr/lib/x86_64-linux-gnu/libasound.so.2.0.0\nmsedge  119639 deck mem       REG              259,8    308848    6540423 /usr/lib/x86_64-linux-gnu/libudev.so.1.7.10\nmsedge  119639 deck mem       REG              259,8    475880    6543691 /usr/lib/x86_64-linux-gnu/libpango-1.0.so.0.5600.4\nmsedge  119639 deck mem       REG              259,8   1360232    6546187 /usr/lib/x86_64-linux-gnu/libcairo.so.2.11804.4\nmsedge  119639 deck mem       REG              259,8     24216    4228401 /usr/lib/x86_64-linux-gnu/GL/default/lib/libgbm.so.1.0.0\nmsedge  119639 deck mem       REG              259,8     49392    6545768 /usr/lib/x86_64-linux-gnu/libXrandr.so.2.2.0\nmsedge  119639 deck mem       REG              259,8     28216    6543445 /usr/lib/x86_64-linux-gnu/libXfixes.so.3.1.0\nmsedge  119639 deck mem       REG              259,8     80824    6544851 /usr/lib/x86_64-linux-gnu/libXext.so.6.4.0\nmsedge  119639 deck mem       REG              259,8     15560    6545300 /usr/lib/x86_64-linux-gnu/libXdamage.so.1.1.0\nmsedge  119639 deck mem       REG              259,8     15616    6544003 /usr/lib/x86_64-linux-gnu/libXcomposite.so.1.0.0\nmsedge  119639 deck mem       REG              259,8   1388304    6544384 /usr/lib/x86_64-linux-gnu/libX11.so.6.4.0\n"
}